{
  "parsed_intent": {
    "query_type": "compliance_check",
    "sql_template": "fetch_compliance_check",
    "template_params": {
      "query_type": "compliance_check",
      "brand": "AlphaBrand",
      "region": "North",
      "channel": "E-commerce",
      "start_date": "2026-03-20",
      "end_date": "2026-04-19",
      "market_share_threshold": 0.5,
      "distribution_threshold": 0.8
    }
  },
  "sql_template_used": "error",
  "kpi_data": [],
  "analysis": {
    "summary": "The compliance check for AlphaBrand in the North E-commerce channel for the period 2026-03-20 to 2026-04-19 yielded no data. Therefore, no compliance violations or successes can be identified based on the provided results, consistent with previous attempts.",
    "drivers": [
      "The SQL query execution returned an empty result set, preventing any analysis of distribution or market share compliance.",
      "The absence of data has been a recurring issue for this specific compliance check, as indicated by previous attempts in the conversation memory."
    ],
    "risks": [
      "Without compliance data, potential distribution violations or failures to meet market share thresholds for AlphaBrand in the North E-commerce channel remain undetected, posing a risk of non-compliance penalties or missed market opportunities.",
      "Operational decisions related to AlphaBrand's performance in the North E-commerce channel cannot be informed by compliance status, potentially leading to misallocation of resources or unaddressed issues."
    ],
    "actions": [
      "Investigate why the SQL query consistently returns an empty result set for this specific compliance check. This could be due to incorrect query parameters, data availability issues for the specified brand/region/channel/timeframe, or a problem with the data source itself.",
      "Collaborate with the data engineering or database administration team to diagnose and resolve the underlying data retrieval problem to ensure compliance data is available for future checks.",
      "Once the data retrieval issue is resolved, re-run the compliance check to obtain the necessary data for analysis and identify any actual compliance violations."
    ]
  },
  "compliance_flags": null,
  "metadata": {
    "workflow_path": "LangGraph Execution Engine natively overridden bounds",
    "retrieved_docs_hit": false,
    "session_active": "default_session"
  }
}
